Всего meta тегов: 14
  twitter:card: summary_large_image...
  twitter:image: https://share.api.2gis.ru/getimage?city=astana&zoom=17&center=71.425559%2C51.089478&title=KaRima%2C%...
  og:image: https://share.api.2gis.ru/getimage?city=astana&zoom=17&center=71.425559%2C51.089478&title=KaRima%2C%...
  og:title: KaRima, центр плова, проспект Мангилик Ел, 54, Астана — 2ГИС...
  description: KaRima, центр плова: адреса со входами на карте, отзывы, фото, номера телефонов, время работы и как ...
  og:description: Оценка 4.5, 180 фото, 3362 отзыва, чек 3000 тнг.. Вся информация об этом месте есть в 2ГИС...
  theme-color: #f5f5f5...
  theme-color: #000000...
  viewport: width=device-width,initial-scale=1.0,maximum-scale=1.0,user-scalable=no...
  yandex-verification: e409927f4d21a695...
  google-site-verification: HF_fnJc_mm0i_rBnFJpxeO_8tWEAPMri61xQSy_vp98...
  yandex-tableau-widget: logo=https://d-assets.2gis.ru/logo-transparent.png, color=#58aa31...

=== og:description ===
Оценка 4.5, 180 фото, 3362 отзыва, чек 3000 тнг.. Вся информация об этом месте есть в 2ГИС

Rating match: 4.5